IDENT_TOKEN: nums
OPERATION_TOKEN: =
OPERATION_TOKEN: [
INT_NUM_TOKEN: 1
OPERATION_TOKEN: ->
INT_NUM_TOKEN: 60
OPERATION_TOKEN: ]
#
IDENT_TOKEN: for
IDENT_TOKEN: i
IDENT_TOKEN: in
IDENT_TOKEN: nums
OPERATION_TOKEN: :
#
IDENT_TOKEN: for
IDENT_TOKEN: j
IDENT_TOKEN: in
IDENT_TOKEN: nums
OPERATION_TOKEN: :
#
IDENT_TOKEN: if
IDENT_TOKEN: random
OPERATION_TOKEN: .
IDENT_TOKEN: float
OPERATION_TOKEN: ()
OPERATION_TOKEN: >
INT_NUM_TOKEN: 0.5
OPERATION_TOKEN: :
#
IDENT_TOKEN: swap
IDENT_TOKEN: i
OPERATION_TOKEN: ,
IDENT_TOKEN: j
#
IDENT_TOKEN: print
IDENT_TOKEN: nums
#
31
