ERROR: lex_analyze can`t open file test/test_data/lexer/input/unreal_file.l
