ERROR: wrong count space in shift of string:
  5:	     print "a<10"

