ERROR: between key and value in hash must be '=>'
