CALL_0 NULL
CALL_0 :LIST_1 pow1 NULL
LIST_1 :CALL_2 CALL_3 NULL
CALL_2 :LIST_4 pow2 NULL
LIST_4 :CALL_5 ELEM_6 NULL
CALL_5 :LIST_7 pow3 NULL
LIST_7 :ELEM_8 ELEM_9 NULL
ELEM_8 :2 NULL
ELEM_9 :2 NULL
ELEM_6 :2 NULL
CALL_3 :LIST_4 pow NULL
LIST_4 :ELEM_5 ELEM_6 NULL
ELEM_5 :2 NULL
ELEM_6 :2 NULL
