ERROR: this tokens can`t be near:
	INT_NUM_TOKEN: 4, info => 0
	STRING_TOKEN: 2: , info => 0
