ERROR: this tokens can`t be near:
	OPERATION_TOKEN: +, info => 9
	OPERATION_TOKEN: *, info => 10
