i 0 = EXPR_0 T_BODY_1 while CALL_2 NULL
EXPR_0 :i 10 < NULL
T_BODY_1 :EXPR_3 T_BODY_4 F_BODY_5 if NULL
EXPR_3 :i 2 % NULL
T_BODY_4 :CALL_6 NULL
CALL_6 :ARGS_7 print NULL
ARGS_7 :i i * NULL
F_BODY_5 :c i i * 4 i * 1 + - = CALL_6 NULL
CALL_6 :ARGS_7 pritn NULL
ARGS_7 :c NULL
CALL_2 :ARGS_3 return NULL
ARGS_3 :0 NULL
