CALL_0 NULL
CALL_0 :LIST_1 print NULL
LIST_1 :ELEM_2 CALL_3 NULL
ELEM_2 :(i+1)^3 =  NULL
CALL_3 :LIST_4 pow NULL
LIST_4 :ELEM_5 ELEM_6 NULL
ELEM_5 :i 1 + NULL
ELEM_6 :3 NULL
