CONSTANTS:
	1: hello
	2: 1
	3:  world
	4: 3.14
CODE:
1:	NEW_VAR 3
2:	PUSH 1
3:	PUSH_CONST 1
4:	PUSH_CONST 2
5:	PUSH_CONST 3
6:	BINARY_ADD
7:	BINARY_ADD
8:	STORE
9:	PUSH 2
10:	PUSH_CONST 4
11:	STORE
12:	PUSH 3
13:	PUSH 1
14:	PUSH 2
15:	PUSH_CONST 1
16:	BINARY_ADD
17:	BINARY_SUB
18:	STORE
19:	PUSH 1
20:	PUSH_CONST 2
21:	STORE
22:	DELETE_VAR 3
23:	EXIT
